"w"				"+forward"
"UPARROW"			"+forward"
"s"				"+back"
"DOWNARROW"			"+back"
"LEFTARROW"			"+moveleft"
"RIGHTARROW"			"+moveright"
"k"				"+voicerecord"
"a"				"+moveleft"
","				"+moveleft"
"d"				"+moveright"
"."				"+moveright"
"SPACE"				"+jump"
"CTRL"				"+duck"
"ALT" 				"+duck"
"TAB"				"+showscores"
"SHIFT"				"+jump"
"e"				"+balllock"
"v"				"+moveup"
"'"				"+moveup"
"c"				"+duck"
"/"				"+movedown"
"PGUP"				"firstperson"
"PGDN"				"thirdperson"
"END"				"centerview"
"ALT"				"+strafe"
"INS"				"+klook"
";"				"+mlook"
"r"				"use"
"SHIFT"				"+speed"
"MOUSE1"			"+attack"
"MOUSE2"			"+attack2"
"MOUSE3"			"+brace"
"f"				"+brace"
"1"				"slot1"
"2"				"slot2"
"3"				"slot3"
"4"				"slot4"
"5"				"slot5"
"6"				"slot6"
"7"				"slot7"
"8"				"slot8"
"9"				"slot9"
"0"				"slot10"
"MWHEELUP"			"invprev"
"["				"invprev"
"MWHEELDOWN"			"invnext"
"]"				"invnext"
"F5"				"snapshot"
"F10"				"quit prompt"
"PAUSE"				"pause"
"ESCAPE"			"escape"
"~"				"toggleconsole"
"`"				"toggleconsole"
"+"				"sizeup"
"="				"sizeup"
"-"				"sizedown"
"t"				"impulse 201"
"y"				"messagemode"
"u"				"messagemode2"
"b"				"demote"
